// Jest Snapshot v1, https://goo.gl/fbAQLP

exports[`<ListScreen /> renders correctly 1`] = `null`;
